
s.test1.c:

D 1.9	81/10/14 10:34:29	drg	9	8	00010/00000/00430
no commentstill no comment

D 1.8	81/10/14 10:33:20	drg	8	7	00098/00064/00332
no commentstill no comment

D 1.7	81/10/14 10:32:23	drg	7	6	00041/00044/00355
no commentstill no comment

D 1.6	81/10/14 10:31:03	drg	6	5	00004/00004/00395
no commentstill no comment

D 1.5	81/10/14 10:29:54	drg	5	4	00001/00001/00398
no commentstill no comment

D 1.4	81/10/14 10:28:51	drg	4	3	00002/00002/00397
no commentstill no comment

D 1.3	81/10/14 10:27:47	drg	3	2	00001/00001/00398
no commentstill no comment

D 1.2	81/10/14 10:25:47	drg	2	1	00029/00027/00370
no commentstill no comment

D 1.1	81/10/14 10:23:59	drg	1	0	00397/00000/00000

